---
source: crates/katex/tests/katex_spec.rs
expression: normalized
---
<span class="katex"><span class="katex-mathml"><math xmlns="http://www.w3.org/1998/Math/MathML"><semantics><mrow><mi>M</mi><mo>=</mo><mspace linebreak="newline"></mspace><mi>a</mi><mo>+</mo><mspace linebreak="newline"></mspace><mi>b</mi><mspace linebreak="newline"></mspace><mi>c</mi></mrow><annotation encoding="application/x-tex">M = \\ a + \\ b \\ c</annotation></semantics></math></span><span class="katex-html" aria-hidden="true"><span class="base"><span class="strut" style="height:0.6833em;"></span><span class="mord mathnormal" style="margin-right:0.109em;">M</span><span class="mspace" style="margin-right:0.2778em;"></span><span class="mrel">=</span></span><span class="mspace newline"></span><span class="base"><span class="strut" style="height:0.6667em;vertical-align:-0.0833em;"></span><span class="mord mathnormal">a</span><span class="mspace" style="margin-right:0.2222em;"></span><span class="mbin">+</span></span><span class="mspace newline"></span><span class="base"><span class="strut" style="height:0.6944em;"></span><span class="mord mathnormal">b</span></span><span class="mspace newline"></span><span class="base"><span class="strut" style="height:0.4306em;"></span><span class="mord mathnormal">c</span></span></span></span>
