---
source: crates/katex/tests/mathml_spec.rs
expression: markup
---
<math xmlns="http://www.w3.org/1998/Math/MathML"><semantics><mrow><mn>1,000,000</mn></mrow><annotation encoding="application/x-tex">1{,}000{,}000</annotation></semantics></math>
