---
source: crates/katex/tests/mathml_spec.rs
expression: markup
---
<math xmlns="http://www.w3.org/1998/Math/MathML"><semantics><mrow><mspace width="1em"/><mspace width="0.431em"/></mrow><annotation encoding="application/x-tex">\kern1em\kern1ex</annotation></semantics></math>
