---
source: crates/katex/tests/mathml_spec.rs
expression: markup
---
<math xmlns="http://www.w3.org/1998/Math/MathML"><semantics><mrow><mtext>roman</mtext><mrow><mtext mathvariant="italic">italic</mtext><mrow><mtext mathvariant="bold-italic">bold</mtext><mtext> </mtext><mtext mathvariant="bold-italic">italic</mtext></mrow></mrow><mtext mathvariant="bold">bold</mtext><mrow><mtext mathvariant="sans-serif">ss</mtext><mrow><mtext mathvariant="sans-serif-italic">italic</mtext><mrow><mtext mathvariant="sans-serif-bold-italic">bold</mtext><mtext> </mtext><mtext mathvariant="sans-serif-bold-italic">italic</mtext></mrow></mrow><mtext mathvariant="bold-sans-serif">bold</mtext></mrow><mrow><mtext mathvariant="monospace">tt</mtext><mrow><mtext mathvariant="monospace">italic</mtext><mrow><mtext mathvariant="monospace">bold</mtext><mtext> </mtext><mtext mathvariant="monospace">italic</mtext></mrow></mrow><mtext mathvariant="monospace">bold</mtext></mrow></mrow><annotation encoding="application/x-tex">\text{roman\textit{italic\textbf{bold italic}}\textbf{bold}\textsf{ss\textit{italic\textbf{bold italic}}\textbf{bold}}\texttt{tt\textit{italic\textbf{bold italic}}\textbf{bold}}}</annotation></semantics></math>
