---
source: crates/katex/tests/mathml_spec.rs
expression: markup
---
<math xmlns="http://www.w3.org/1998/Math/MathML"><semantics><mrow><msub><mrow><mi mathvariant="normal">lim sup</mi><mo>⁡</mo></mrow><mrow><mi>x</mi><mspace linebreak="newline"></mspace><mi>r</mi><mi>i</mi><mi>g</mi><mi>h</mi><mi>t</mi><mi>a</mi><mi>r</mi><mi>r</mi><mi>o</mi><mi>w</mi><mspace linebreak="newline"></mspace><mi>i</mi><mi>n</mi><mi>f</mi><mi>t</mi><mi>y</mi></mrow></msub></mrow><annotation encoding="application/x-tex">\limsup_{x \\rightarrow \\infty}</annotation></semantics></math>
