---
source: crates/katex/tests/mathml_spec.rs
assertion_line: 119
expression: markup
---
<math display="block" xmlns="http://www.w3.org/1998/Math/MathML"><semantics><mtable columnalign="center center center" columnspacing="0.5em" rowspacing="0.25em"><mtr><mtd><mstyle displaystyle="true" scriptlevel="0"><mi>A</mi></mstyle></mtd><mtd><mstyle displaystyle="true" scriptlevel="0"><munderover><mo minsize="3.0em" stretchy="true"> </mo><mpadded lspace="0.3em" width="+0.6em"><mrow></mrow></mpadded><mpadded lspace="0.3em" width="+0.6em"><mi>a</mi></mpadded></munderover></mstyle></mtd><mtd><mstyle displaystyle="true" scriptlevel="0"><mi>B</mi></mstyle></mtd></mtr><mtr></mtr><mtr><mtd><mstyle displaystyle="true" scriptlevel="0"></mstyle></mtd><mtd><mstyle displaystyle="true" scriptlevel="0"><mrow><mrow><mstyle displaystyle="false" scriptlevel="1"><mpadded voffset="0.7em" width="-1width"><mrow><mrow></mrow></mrow></mpadded></mstyle><mo fence="false" maxsize="1.8em" minsize="1.8em" stretchy="true">↓</mo><mstyle displaystyle="false" scriptlevel="1"><mpadded voffset="0.7em"><mrow><mi>b</mi></mrow></mpadded></mstyle></mrow></mrow></mstyle></mtd><mtd><mstyle displaystyle="true" scriptlevel="0"></mstyle></mtd><mtd><mstyle displaystyle="true" scriptlevel="0"><mrow><mrow><mstyle displaystyle="false" scriptlevel="1"><mpadded voffset="0.7em" width="-1width"><mrow><mrow></mrow></mrow></mpadded></mstyle><mo fence="false" maxsize="1.8em" minsize="1.8em" stretchy="true">↓</mo><mstyle displaystyle="false" scriptlevel="1"><mpadded voffset="0.7em"><mrow><mi>c</mi></mrow></mpadded></mstyle></mrow></mrow></mstyle></mtd><mtd><mstyle displaystyle="true" scriptlevel="0"></mstyle></mtd></mtr><mtr></mtr><mtr><mtd><mstyle displaystyle="true" scriptlevel="0"><mi>C</mi></mstyle></mtd><mtd><mstyle displaystyle="true" scriptlevel="0"><munderover><mo minsize="3.0em" stretchy="true"> </mo><mpadded lspace="0.3em" width="+0.6em"><mrow></mrow></mpadded><mpadded lspace="0.3em" width="+0.6em"><mi>d</mi></mpadded></munderover></mstyle></mtd><mtd><mstyle displaystyle="true" scriptlevel="0"><mi>D</mi></mstyle></mtd></mtr><mtr></mtr></mtable><annotation encoding="application/x-tex">\begin{CD} A @&gt;a&gt;&gt; B\\\\ @VVbV @VVcV\\\\ C @&gt;d&gt;&gt; D \end{CD}</annotation></semantics></math>
