---
source: crates/katex/tests/mathml_spec.rs
assertion_line: 55
expression: markup
---
<math display="block" xmlns="http://www.w3.org/1998/Math/MathML"><semantics><mrow><mstyle displaystyle="true" scriptlevel="0"><msubsup><mo>\int</mo><mi>a</mi><mi>b</mi></msubsup><mo>+</mo><msubsup><mo>\oiint</mo><mi>a</mi><mi>b</mi></msubsup><mo>+</mo><msubsup><mo>\oiiint</mo><mi>a</mi><mi>b</mi></msubsup></mstyle></mrow><annotation encoding="application/x-tex">\displaystyle\int_a^b + \oiint_a^b + \oiiint_a^b</annotation></semantics></math>
